--> Carico la base
Note (Code 1051): Unknown table 'WIN_AZIONI'
Note (Code 1051): Unknown table 'WIN_MESSAGGI'
Note (Code 1051): Unknown table 'WIN_REPORT'
Note (Code 1051): Unknown table 'SER_TESSERE'
Note (Code 1051): Unknown table 'SER_OSPITI'
Note (Code 1051): Unknown table 'SER_AZIONI'
Note (Code 1051): Unknown table 'SER_MESSAGGI'
Note (Code 1051): Unknown table 'SER_REPORT'
Note (Code 1051): Unknown table 'REPOSITORY'
--> Carico le funzioni
Note (Code 1305): FUNCTION reporting.test_win_azione does not exist
Note (Code 1305): FUNCTION reporting.get_win_azione does not exist
Note (Code 1305): FUNCTION reporting.test_win_messaggio does not exist
Note (Code 1305): FUNCTION reporting.get_win_messaggio does not exist
Note (Code 1305): FUNCTION reporting.test_repo does not exist
Note (Code 1305): FUNCTION reporting.test_ser_tessera does not exist
Note (Code 1305): FUNCTION reporting.get_ser_tessera does not exist
Note (Code 1305): FUNCTION reporting.test_ser_azione does not exist
Note (Code 1305): FUNCTION reporting.get_ser_azione does not exist
Note (Code 1305): FUNCTION reporting.test_ser_messaggio does not exist
Note (Code 1305): FUNCTION reporting.get_ser_messaggio does not exist
Note (Code 1305): FUNCTION reporting.test_ser_ospite does not exist
Note (Code 1305): FUNCTION reporting.get_ser_ospite does not exist
--> Carico le procedure in ingresso dati
Note (Code 1305): PROCEDURE reporting.input_winwatch does not exist
Note (Code 1305): PROCEDURE reporting.input_serchio does not exist
--> Carico le viste
Note (Code 1051): Unknown table 'reporting.WINWATCH'
Note (Code 1051): Unknown table 'reporting.SERCHIO'
